// Jest Snapshot v1, https://goo.gl/fbAQLP

exports[`fetch and process Zoom data 1`] = `undefined`;
